========================================================
Job ID      : 67430
Node        : gpu2
GPUs        : 5,6,7
Start time  : Sun 12 Jul 2026 10:31:22 PM IST
Working dir : /home/vishnu/new_sfno_train
========================================================
Python      : /home/vishnu/.conda/envs/vishnu/bin/python
Torch       : 2.9.1+cu128
CUDA avail  : True
GPU count   : 3
Datasets opened successfully
  Train : 1959-01-01T00:00:00.000000000 → 2000-12-31T18:00:00.000000000
  Val   : 2017-01-01T00:00:00.000000000   → 2018-12-31T18:00:00.000000000

### Phase 1: Single-step training on 3 GPU(s) ###
Assigned Channel Weights: 10m_u_component_of_wind - 0.1
Assigned Channel Weights: 10m_v_component_of_wind - 0.1
Assigned Channel Weights: 2m_temperature - 1.0
Assigned Channel Weights: geopotential_250 - 0.25
Assigned Channel Weights: geopotential_500 - 0.5
Assigned Channel Weights: geopotential_850 - 0.85
Assigned Channel Weights: specific_humidity_250 - 0.25
Assigned Channel Weights: specific_humidity_500 - 0.5
Assigned Channel Weights: specific_humidity_850 - 0.85
Assigned Channel Weights: 10m_u_component_of_wind - 0.1Assigned Channel Weights: temperature_250 - 0.25
Assigned Channel Weights: 10m_u_component_of_wind - 0.1Assigned Channel Weights: 10m_v_component_of_wind - 0.1

Assigned Channel Weights: 2m_temperature - 1.0
Assigned Channel Weights: geopotential_250 - 0.25

Assigned Channel Weights: 10m_v_component_of_wind - 0.1Assigned Channel Weights: geopotential_500 - 0.5

Assigned Channel Weights: geopotential_850 - 0.85Assigned Channel Weights: 2m_temperature - 1.0
Assigned Channel Weights: specific_humidity_250 - 0.25

Assigned Channel Weights: geopotential_250 - 0.25Assigned Channel Weights: specific_humidity_500 - 0.5

Assigned Channel Weights: specific_humidity_850 - 0.85Assigned Channel Weights: geopotential_500 - 0.5

Assigned Channel Weights: temperature_250 - 0.25Assigned Channel Weights: geopotential_850 - 0.85
Assigned Channel Weights: temperature_500 - 0.5
Assigned Channel Weights: temperature_500 - 0.5Assigned Channel Weights: specific_humidity_250 - 0.25

Assigned Channel Weights: temperature_850 - 0.85Assigned Channel Weights: specific_humidity_500 - 0.5


Assigned Channel Weights: total_column_water_vapour - 0.1Assigned Channel Weights: specific_humidity_850 - 0.85

Assigned Channel Weights: u_component_of_wind_250 - 0.25Assigned Channel Weights: temperature_250 - 0.25

Assigned Channel Weights: u_component_of_wind_500 - 0.5Assigned Channel Weights: temperature_500 - 0.5

Assigned Channel Weights: u_component_of_wind_850 - 0.85Assigned Channel Weights: temperature_850 - 0.85

Assigned Channel Weights: v_component_of_wind_250 - 0.25Assigned Channel Weights: total_column_water_vapour - 0.1Assigned Channel Weights: temperature_850 - 0.85

Assigned Channel Weights: v_component_of_wind_500 - 0.5Assigned Channel Weights: u_component_of_wind_250 - 0.25

Assigned Channel Weights: v_component_of_wind_850 - 0.85Assigned Channel Weights: u_component_of_wind_500 - 0.5

Assigned Channel Weights: u_component_of_wind_850 - 0.85
Assigned Channel Weights: v_component_of_wind_250 - 0.25
Assigned Channel Weights: v_component_of_wind_500 - 0.5
Assigned Channel Weights: v_component_of_wind_850 - 0.85

Assigned Channel Weights: total_column_water_vapour - 0.1
Assigned Channel Weights: u_component_of_wind_250 - 0.25
Assigned Channel Weights: u_component_of_wind_500 - 0.5
Assigned Channel Weights: u_component_of_wind_850 - 0.85
Assigned Channel Weights: v_component_of_wind_250 - 0.25
Assigned Channel Weights: v_component_of_wind_500 - 0.5
Assigned Channel Weights: v_component_of_wind_850 - 0.85
[Worker 140614388709120] started — 22 channels: ['10m_u_component_of_wind', '10m_v_component_of_wind', '2m_temperature', 'total_column_water_vapour', 'surface_pressure', 'u_component_of_wind_250', 'u_component_of_wind_500', 'u_component_of_wind_850', 'v_component_of_wind_250', 'v_component_of_wind_500', 'v_component_of_wind_850', 'temperature_250', 'temperature_500', 'temperature_850', 'geopotential_250', 'geopotential_500', 'geopotential_850', 'specific_humidity_250', 'specific_humidity_500', 'specific_humidity_850', 'land_sea_mask', 'soil_type']
[Worker 140612095440640] started — 22 channels: ['10m_u_component_of_wind', '10m_v_component_of_wind', '2m_temperature', 'total_column_water_vapour', 'surface_pressure', 'u_component_of_wind_250', 'u_component_of_wind_500', 'u_component_of_wind_850', 'v_component_of_wind_250', 'v_component_of_wind_500', 'v_component_of_wind_850', 'temperature_250', 'temperature_500', 'temperature_850', 'geopotential_250', 'geopotential_500', 'geopotential_850', 'specific_humidity_250', 'specific_humidity_500', 'specific_humidity_850', 'land_sea_mask', 'soil_type']
[Worker 140108914099968] started — 22 channels: ['10m_u_component_of_wind', '10m_v_component_of_wind', '2m_temperature', 'total_column_water_vapour', 'surface_pressure', 'u_component_of_wind_250', 'u_component_of_wind_500', 'u_component_of_wind_850', 'v_component_of_wind_250', 'v_component_of_wind_500', 'v_component_of_wind_850', 'temperature_250', 'temperature_500', 'temperature_850', 'geopotential_250', 'geopotential_500', 'geopotential_850', 'specific_humidity_250', 'specific_humidity_500', 'specific_humidity_850', 'land_sea_mask', 'soil_type'][Worker 140108905707264] started — 22 channels: ['10m_u_component_of_wind', '10m_v_component_of_wind', '2m_temperature', 'total_column_water_vapour', 'surface_pressure', 'u_component_of_wind_250', 'u_component_of_wind_500', 'u_component_of_wind_850', 'v_component_of_wind_250', 'v_component_of_wind_500', 'v_component_of_wind_850', 'temperature_250', 'temperature_500', 'temperature_850', 'geopotential_250', 'geopotential_500', 'geopotential_850', 'specific_humidity_250', 'specific_humidity_500', 'specific_humidity_850', 'land_sea_mask', 'soil_type']
[Worker 139993267820288] started — 22 channels: ['10m_u_component_of_wind', '10m_v_component_of_wind', '2m_temperature', 'total_column_water_vapour', 'surface_pressure', 'u_component_of_wind_250', 'u_component_of_wind_500', 'u_component_of_wind_850', 'v_component_of_wind_250', 'v_component_of_wind_500', 'v_component_of_wind_850', 'temperature_250', 'temperature_500', 'temperature_850', 'geopotential_250', 'geopotential_500', 'geopotential_850', 'specific_humidity_250', 'specific_humidity_500', 'specific_humidity_850', 'land_sea_mask', 'soil_type']
[Worker 139991472666368] started — 22 channels: ['10m_u_component_of_wind', '10m_v_component_of_wind', '2m_temperature', 'total_column_water_vapour', 'surface_pressure', 'u_component_of_wind_250', 'u_component_of_wind_500', 'u_component_of_wind_850', 'v_component_of_wind_250', 'v_component_of_wind_500', 'v_component_of_wind_850', 'temperature_250', 'temperature_500', 'temperature_850', 'geopotential_250', 'geopotential_500', 'geopotential_850', 'specific_humidity_250', 'specific_humidity_500', 'specific_humidity_850', 'land_sea_mask', 'soil_type']

Worker Error: cannot schedule new futures after interpreter shutdown
Worker Error: cannot schedule new futures after shutdown
Worker Error: cannot schedule new futures after interpreter shutdown
Worker Error: cannot schedule new futures after shutdown
Worker Error: cannot schedule new futures after interpreter shutdown
Worker Error: cannot schedule new futures after shutdown
[1;34mwandb[0m: 
[1;34mwandb[0m: 🚀 View run [33mrun_phase_1_bs_32_gelu_layer_norm[0m at: [34m[0m
[1;34mwandb[0m: Find logs at: [1;35mwandb/run-20260712_223139-brkf6fv6/logs[0m
========================================================
End time   : Sun 12 Jul 2026 10:31:52 PM IST
Exit code  : 1
========================================================
