W0712 22:31:33.989000 519731 site-packages/torch/distributed/run.py:803] 
W0712 22:31:33.989000 519731 site-packages/torch/distributed/run.py:803] *****************************************
W0712 22:31:33.989000 519731 site-packages/torch/distributed/run.py:803] Setting OMP_NUM_THREADS environment variable for each process to be 1 in default, to avoid your system being overloaded, please further tune the variable for optimal performance in your application as needed. 
W0712 22:31:33.989000 519731 site-packages/torch/distributed/run.py:803] *****************************************
wandb: Currently logged in as: kadmium (kadmium-iiser-pune) to https://api.wandb.ai. Use `wandb login --relogin` to force relogin
wandb: setting up run brkf6fv6
wandb: Tracking run with wandb version 0.23.1
wandb: Run data is saved locally in /home/vishnu/new_sfno_train/wandb/run-20260712_223139-brkf6fv6
wandb: Run `wandb offline` to turn off syncing.
wandb: Syncing run run_phase_1_bs_32_gelu_layer_norm
wandb: ⭐️ View project at https://wandb.ai/kadmium-iiser-pune/ERA5-train-distributed
wandb: 🚀 View run at https://wandb.ai/kadmium-iiser-pune/ERA5-train-distributed/runs/brkf6fv6
Phase 1:   0%|          | 0/100 [00:00<?, ?it/s][rank1]: Traceback (most recent call last):
[rank1]:   File "/home/vishnu/new_sfno_train/train.py", line 79, in <module>
[rank1]:     main()
[rank1]:   File "/home/vishnu/new_sfno_train/train.py", line 58, in main
[rank1]:     phase1.run(ds_train, ds_val, model, cfg,
[rank1]:   File "/home/vishnu/new_sfno_train/phase1.py", line 63, in run
[rank1]:     mask = [not i in surf_vars for i in all_vars]
[rank1]:            ^^^^^^^^^^^^^^^^^^^^^^^^^^^^^^^^^^^^^^
[rank1]:   File "/home/vishnu/new_sfno_train/phase1.py", line 63, in <listcomp>
[rank1]:     mask = [not i in surf_vars for i in all_vars]
[rank1]:                      ^^^^^^^^^
[rank1]: NameError: name 'surf_vars' is not defined
Traceback (most recent call last):
  File "/home/vishnu/new_sfno_train/train.py", line 79, in <module>
    main()
  File "/home/vishnu/new_sfno_train/train.py", line 58, in main
    phase1.run(ds_train, ds_val, model, cfg,
  File "/home/vishnu/new_sfno_train/phase1.py", line 63, in run
    mask = [not i in surf_vars for i in all_vars]
           ^^^^^^^^^^^^^^^^^^^^^^^^^^^^^^^^^^^^^^
  File "/home/vishnu/new_sfno_train/phase1.py", line 63, in <listcomp>
    mask = [not i in surf_vars for i in all_vars]
                     ^^^^^^^^^
NameError: name 'surf_vars' is not defined
[rank2]: Traceback (most recent call last):
[rank2]:   File "/home/vishnu/new_sfno_train/train.py", line 79, in <module>
[rank2]:     main()
[rank2]:   File "/home/vishnu/new_sfno_train/train.py", line 58, in main
[rank2]:     phase1.run(ds_train, ds_val, model, cfg,
[rank2]:   File "/home/vishnu/new_sfno_train/phase1.py", line 63, in run
[rank2]:     mask = [not i in surf_vars for i in all_vars]
[rank2]:            ^^^^^^^^^^^^^^^^^^^^^^^^^^^^^^^^^^^^^^
[rank2]:   File "/home/vishnu/new_sfno_train/phase1.py", line 63, in <listcomp>
[rank2]:     mask = [not i in surf_vars for i in all_vars]
[rank2]:                      ^^^^^^^^^
[rank2]: NameError: name 'surf_vars' is not defined
[rank0]: Traceback (most recent call last):
[rank0]:   File "/home/vishnu/new_sfno_train/train.py", line 79, in <module>
[rank0]:     main()
[rank0]:   File "/home/vishnu/new_sfno_train/train.py", line 58, in main
[rank0]:     phase1.run(ds_train, ds_val, model, cfg,
[rank0]:   File "/home/vishnu/new_sfno_train/phase1.py", line 63, in run
[rank0]:     mask = [not i in surf_vars for i in all_vars]
[rank0]:            ^^^^^^^^^^^^^^^^^^^^^^^^^^^^^^^^^^^^^^
[rank0]:   File "/home/vishnu/new_sfno_train/phase1.py", line 63, in <listcomp>
[rank0]:     mask = [not i in surf_vars for i in all_vars]
[rank0]:                      ^^^^^^^^^
[rank0]: NameError: name 'surf_vars' is not defined
W0712 22:31:51.481000 519731 site-packages/torch/distributed/elastic/multiprocessing/api.py:908] Sending process 519778 closing signal SIGTERM
W0712 22:31:51.484000 519731 site-packages/torch/distributed/elastic/multiprocessing/api.py:908] Sending process 519779 closing signal SIGTERM
E0712 22:31:51.731000 519731 site-packages/torch/distributed/elastic/multiprocessing/api.py:882] failed (exitcode: 1) local_rank: 0 (pid: 519777) of binary: /home/vishnu/.conda/envs/vishnu/bin/python3.11
Traceback (most recent call last):
  File "/home/vishnu/.conda/envs/vishnu/bin/torchrun", line 7, in <module>
    sys.exit(main())
             ^^^^^^
  File "/home/vishnu/.conda/envs/vishnu/lib/python3.11/site-packages/torch/distributed/elastic/multiprocessing/errors/__init__.py", line 357, in wrapper
    return f(*args, **kwargs)
           ^^^^^^^^^^^^^^^^^^
  File "/home/vishnu/.conda/envs/vishnu/lib/python3.11/site-packages/torch/distributed/run.py", line 936, in main
    run(args)
  File "/home/vishnu/.conda/envs/vishnu/lib/python3.11/site-packages/torch/distributed/run.py", line 927, in run
    elastic_launch(
  File "/home/vishnu/.conda/envs/vishnu/lib/python3.11/site-packages/torch/distributed/launcher/api.py", line 156, in __call__
    return launch_agent(self._config, self._entrypoint, list(args))
           ^^^^^^^^^^^^^^^^^^^^^^^^^^^^^^^^^^^^^^^^^^^^^^^^^^^^^^^^
  File "/home/vishnu/.conda/envs/vishnu/lib/python3.11/site-packages/torch/distributed/launcher/api.py", line 293, in launch_agent
    raise ChildFailedError(
torch.distributed.elastic.multiprocessing.errors.ChildFailedError: 
============================================================
train.py FAILED
------------------------------------------------------------
Failures:
  <NO_OTHER_FAILURES>
------------------------------------------------------------
Root Cause (first observed failure):
[0]:
  time      : 2026-07-12_22:31:51
  host      : gpu2.iiser.local
  rank      : 0 (local_rank: 0)
  exitcode  : 1 (pid: 519777)
  error_file: <N/A>
  traceback : To enable traceback see: https://pytorch.org/docs/stable/elastic/errors.html
============================================================
